// Jest Snapshot v1, https://goo.gl/fbAQLP

exports[`ChromeHelper #onTabClose should throw an error if it hasn't started yet 1`] = `"Cannot read property 'Target' of undefined"`;
